rtl/ipbus_ethernet/udp_dualportram_rx.vhd
rtl/ipbus_ethernet/udp_dualportram_tx.vhd
rtl/ipbus_ethernet/udp_dualportram.vhd
rtl/ipbus_ethernet/axis_gmii_rx.v
rtl/ipbus_ethernet/axis_gmii_tx.v
rtl/ipbus_ethernet/eth_mac_1g.v
rtl/ipbus_ethernet/eth_mac_mii_merge.vhd
rtl/ipbus_ethernet/eth_mac_mii.v
rtl/ipbus_ethernet/ipbus_package.vhd
rtl/ipbus_ethernet/ipbus_trans_decl.vhd
rtl/ipbus_ethernet/lfsr.v
rtl/ipbus_ethernet/mii_phy_if.v
rtl/ipbus_ethernet/rmii_mii_converter.sv
rtl/ipbus_ethernet/ssio_sdr_in.v
rtl/ipbus_ethernet/trans_arb.vhd
rtl/ipbus_ethernet/transactor_cfg.vhd
rtl/ipbus_ethernet/transactor_if.vhd
rtl/ipbus_ethernet/transactor_sm.vhd
rtl/ipbus_ethernet/transactor.vhd
rtl/ipbus_ethernet/udp_buffer_selector.vhd
rtl/ipbus_ethernet/udp_build_arp.vhd
rtl/ipbus_ethernet/udp_build_payload.vhd
rtl/ipbus_ethernet/udp_build_ping.vhd
rtl/ipbus_ethernet/udp_build_resend.vhd
rtl/ipbus_ethernet/udp_build_status.vhd
rtl/ipbus_ethernet/udp_byte_sum.vhd
rtl/ipbus_ethernet/udp_clock_crossing_if.vhd
rtl/ipbus_ethernet/udp_do_rx_reset.vhd
rtl/ipbus_ethernet/udp_ipaddr_ipam.vhd
rtl/ipbus_ethernet/udp_ipam_block.vhd
rtl/ipbus_ethernet/udp_packet_parser.vhd
rtl/ipbus_ethernet/udp_rxram_mux.vhd
rtl/ipbus_ethernet/udp_rxram_shim.vhd
rtl/ipbus_ethernet/udp_rxtransactor_if_simple.vhd
rtl/ipbus_ethernet/udp_status_buffer.vhd
rtl/ipbus_ethernet/udp_tx_mux.vhd
rtl/ipbus_ethernet/udp_txtransactor_if_simple.vhd
rtl/ipbus_ethernet/udp_if_flat.vhd
rtl/ipbus_ethernet/ipbus_ctrl.vhd
rtl/ipbus_ethernet/TCL_rmii_infra.vhd